┌───────────────────────────────── DeepTutor ─────────────────────────────────┐
│                                                                             │
│   ____                  _____      _                                        │
│  |  _ \  ___  ___ _ __ |_   _|   _| |_ ___  _ __                            │
│  | | | |/ _ \/ _ \ '_ \  | || | | | __/ _ \| '__|                           │
│  | |_| |  __/  __/ |_) | | || |_| | || (_) | |                              │
│  |____/ \___|\___| .__/  |_| \__,_|\__\___/|_|                              │
│                  |_|                                                        │
│                                                                             │
│  Agent-Native Personalized Tutoring  ·  v1.6.12                             │
│  Data Intelligence Lab @ HKU                                                │
│  Launching backend + frontend                                               │
│                                                                             │
└─────────────────────────────────────────────────────────────────────────────┘
Backend    http://127.0.0.1:8001
Frontend   http://localhost:3782
Workspace  F:\reminder\deeptutor
Frontend runtime: packaged
Press Ctrl+C to stop.
Starting backend ...
Waiting for Backend at http://127.0.0.1:8001/ ...
  backend  INFO:     Started server process [30776]
  backend  INFO:     Waiting for application startup.
  backend  INFO:     Application startup complete.
  backend  INFO:     Uvicorn running on http://0.0.0.0:8001 (Press CTRL+C to quit)
Backend is ready.
Starting frontend ...
Waiting for Frontend at http://127.0.0.1:3782/ ...
  frontend ▲ Next.js 16.2.3
  frontend - Local:         http://localhost:3782
  frontend - Network:       http://0.0.0.0:3782
  frontend ✓ Ready in 0ms
Frontend is ready.
Open http://localhost:3782 in your browser.
