           _                 _    
  __ _  __| |_ __ __ _ _ __ | |_  
 / _` |/ _` | '__/ _` | '_ \| __| 
| (_| | (_| | | | (_| | | | | |_  
 \__, |\__,_|_|  \__,_|_| |_|\__| 
    |_|                           

Version: 1.19.1, build: 6ab21cac
Access web UI at http://localhost:6333/dashboard
Agentic Skills: https://skills.qdrant.tech/

2026-10-01T05:06:59.432636Z  WARN qdrant::settings: Config file not found: config/config
2026-10-01T05:06:59.432714Z  WARN qdrant::settings: Config file not found: config/development
2026-10-01T05:06:59.451472Z  WARN qdrant: There is a potential issue with the filesystem for storage path ./storage. Details: Filesystem type check is not supported on this platform
2026-10-01T05:06:59.451705Z  INFO storage::content_manager::consensus::persistent: Initializing new raft state at ./storage\raft_state.json
2026-10-01T05:06:59.459100Z  INFO qdrant: Distributed mode disabled
2026-10-01T05:06:59.459171Z  INFO qdrant: Telemetry reporting enabled, id: d7ac1177-91b4-4355-9011-3e92103a9106
2026-10-01T05:06:59.461734Z  WARN qdrant::actix::web_ui: Static content folder for Web UI './static' does not exist
2026-10-01T05:06:59.461803Z  INFO qdrant::actix: REST transport settings: keep_alive=5s, client_request_timeout=5s, client_disconnect_timeout=5s
2026-10-01T05:06:59.461812Z  INFO qdrant::actix: TLS disabled for REST API
2026-10-01T05:06:59.464433Z  INFO qdrant::actix: Qdrant HTTP listening on 6333
2026-10-01T05:06:59.464477Z  INFO actix_server::builder: starting 11 workers
2026-10-01T05:06:59.464501Z  INFO actix_server::server: Actix runtime found; starting in Actix runtime
2026-10-01T05:06:59.464512Z  INFO actix_server::server: starting service: "actix-web-service-0.0.0.0:6333", workers: 11, listening on: 0.0.0.0:6333
2026-10-01T05:06:59.468659Z  INFO qdrant::tonic: Qdrant gRPC listening on 6334
2026-10-01T05:06:59.468688Z  INFO qdrant::tonic: TLS disabled for gRPC API
