----------------------------------------
Exception occurred during processing of request from ('127.0.0.1', 8274)
Traceback (most recent call last):
  File "C:\Python314\Lib\socketserver.py", line 697, in process_request_thread
    self.finish_request(request, client_address)
    ~~~~~~~~~~~~~~~~~~~^^^^^^^^^^^^^^^^^^^^^^^^^
  File "C:\Python314\Lib\socketserver.py", line 362, in finish_request
    self.RequestHandlerClass(request, client_address, self)
    ~~~~~~~~~~~~~~~~~~~~~~~~^^^^^^^^^^^^^^^^^^^^^^^^^^^^^^^
  File "C:\Python314\Lib\socketserver.py", line 766, in __init__
    self.handle()
    ~~~~~~~~~~~^^
  File "C:\Python314\Lib\http\server.py", line 500, in handle
    self.handle_one_request()
    ~~~~~~~~~~~~~~~~~~~~~~~^^
  File "C:\Python314\Lib\http\server.py", line 488, in handle_one_request
    method()
    ~~~~~~^^
  File "F:\reminder\clawdeck\exercise\mini_crabd.py", line 138, in do_POST
    payload = json.loads(self.rfile.read(n) or b"{}")
  File "C:\Python314\Lib\json\__init__.py", line 347, in loads
    s = s.decode(detect_encoding(s), 'surrogatepass')
UnicodeDecodeError: 'utf-8' codec can't decode byte 0xbf in position 30: invalid start byte
----------------------------------------
